******************************************************************************
                  TI ARM Linker PC v20.2.1                     
******************************************************************************
>> Linked Fri Feb 19 18:49:45 2021

OUTPUT FILE NAME:   <Updated Terminal Interface.out>
ENTRY POINT SYMBOL: "_c_int00_noargs"  address: 000010b9


MEMORY CONFIGURATION

         name            origin    length      used     unused   attr    fill
----------------------  --------  ---------  --------  --------  ----  --------
  FLASH                 00000000   00040000  00001136  0003eeca  R  X
  SRAM                  20000000   00008000  00000201  00007dff  RW X


SEGMENT ALLOCATION MAP

run origin  load origin   length   init length attrs members
----------  ----------- ---------- ----------- ----- -------
00000000    00000000    00001138   00001138    r-x
  00000000    00000000    0000026c   0000026c    r-- .intvecs
  0000026c    0000026c    00000eb2   00000eb2    r-x .text
  00001120    00001120    00000018   00000018    r-- .cinit
20000000    20000000    00000201   00000000    rw-
  20000000    20000000    00000200   00000000    rw- .stack
  20000200    20000200    00000001   00000000    rw- .data


SECTION ALLOCATION MAP

 output                                  attributes/
section   page    origin      length       input sections
--------  ----  ----------  ----------   ----------------
.intvecs   0    00000000    0000026c     
                  00000000    0000026c     tm4c123gh6pm_startup_ccs.obj (.intvecs)

.text      0    0000026c    00000eb2     
                  0000026c    000007c0     gpio.obj (.text)
                  00000a2c    00000420     Terminal_lnterface.obj (.text)
                  00000e4c    00000124     uart0.obj (.text)
                  00000f70    0000009c     rtsv7M4_T_le_v4SPD16_eabi.lib : memcpy_t2.asm.obj (.text)
                  0000100c    00000068                                   : copy_decompress_lzss.c.obj (.text:decompress:lzss:__TI_decompress_lzss)
                  00001074    00000044                                   : autoinit.c.obj (.text:__TI_auto_init_nobinit_nopinit:__TI_auto_init_nobinit_nopinit)
                  000010b8    00000034                                   : boot_cortex_m.c.obj (.text:_c_int00_noargs:_c_int00_noargs)
                  000010ec    00000010     clock.obj (.text)
                  000010fc    0000000e     rtsv7M4_T_le_v4SPD16_eabi.lib : copy_decompress_none.c.obj (.text:decompress:none:__TI_decompress_none)
                  0000110a    0000000c     tm4c123gh6pm_startup_ccs.obj (.text)
                  00001116    00000004     rtsv7M4_T_le_v4SPD16_eabi.lib : pre_init.c.obj (.text:_system_pre_init)
                  0000111a    00000004                                   : exit.c.obj (.text:abort:abort)

.cinit     0    00001120    00000018     
                  00001120    00000008     (__TI_handler_table)
                  00001128    00000005     (.cinit..data.load) [load image, compression = lzss]
                  0000112d    00000003     --HOLE-- [fill = 0]
                  00001130    00000008     (__TI_cinit_table)

.init_array 
*          0    00000000    00000000     UNINITIALIZED

.data      0    20000200    00000001     UNINITIALIZED
                  20000200    00000001     Terminal_lnterface.obj (.data)

.stack     0    20000000    00000200     UNINITIALIZED
                  20000000    00000004     rtsv7M4_T_le_v4SPD16_eabi.lib : boot_cortex_m.c.obj (.stack)
                  20000004    000001fc     --HOLE--

__llvm_prf_cnts 
*          0    20000000    00000000     UNINITIALIZED

MODULE SUMMARY

       Module                         code   ro data   rw data
       ------                         ----   -------   -------
    .\
       gpio.obj                       1984   0         0      
       Terminal_lnterface.obj         1056   0         1      
       tm4c123gh6pm_startup_ccs.obj   12     620       0      
       uart0.obj                      292    0         0      
       clock.obj                      16     0         0      
    +--+------------------------------+------+---------+---------+
       Total:                         3360   620       1      
                                                              
    E:\Program Files (x86)\Texas Insturments\CCS1010\ccs\tools\compiler\ti-cgt-arm_20.2.1.LTS\lib\rtsv7M4_T_le_v4SPD16_eabi.lib
       memcpy_t2.asm.obj              156    0         0      
       copy_decompress_lzss.c.obj     104    0         0      
       autoinit.c.obj                 68     0         0      
       boot_cortex_m.c.obj            52     0         0      
       copy_decompress_none.c.obj     14     0         0      
       exit.c.obj                     4      0         0      
       pre_init.c.obj                 4      0         0      
    +--+------------------------------+------+---------+---------+
       Total:                         402    0         0      
                                                              
       Stack:                         0      0         512    
       Linker Generated:              0      21        0      
    +--+------------------------------+------+---------+---------+
       Grand Total:                   3762   641       513    


LINKER GENERATED COPY TABLES

__TI_cinit_table @ 00001130 records: 1, size/record: 8, table size: 8
	.data: load addr=00001128, load size=00000005 bytes, run addr=20000200, run size=00000001 bytes, compression=lzss


LINKER GENERATED HANDLER TABLE

__TI_handler_table @ 00001120 records: 2, size/record: 4, table size: 8
	index: 0, handler: __TI_decompress_lzss
	index: 1, handler: __TI_decompress_none


GLOBAL SYMBOLS: SORTED ALPHABETICALLY BY Name 

address   name                          
-------   ----                          
0000111b  C$$EXIT                       
0000110b  ResetISR                      
20000200  __STACK_END                   
00000200  __STACK_SIZE                  
20000200  __STACK_TOP                   
00001130  __TI_CINIT_Base               
00001138  __TI_CINIT_Limit              
00001120  __TI_Handler_Table_Base       
00001128  __TI_Handler_Table_Limit      
00001075  __TI_auto_init_nobinit_nopinit
0000100d  __TI_decompress_lzss          
000010fd  __TI_decompress_none          
ffffffff  __TI_pprof_out_hndl           
ffffffff  __TI_prof_data_size           
ffffffff  __TI_prof_data_start          
00000000  __TI_static_base__            
00000f71  __aeabi_memcpy                
00000f71  __aeabi_memcpy4               
00000f71  __aeabi_memcpy8               
ffffffff  __binit__                     
ffffffff  __c_args__                    
UNDEFED   __mpu_init                    
20000000  __stack                       
20000000  __start___llvm_prf_cnts       
20000000  __stop___llvm_prf_cnts        
000010b9  _c_int00_noargs               
UNDEFED   _system_post_cinit            
00001117  _system_pre_init              
0000111b  abort                         
ffffffff  binit                         
0000089d  disablePinInterrupt           
000005d5  disablePinPulldown            
0000058d  disablePinPullup              
00000329  disablePort                   
00000879  enablePinInterrupt            
000005b1  enablePinPulldown             
0000055f  enablePinPullup               
0000026d  enablePort                    
00000000  g_pfnVectors                  
00000c67  getFieldInteger               
00000bf7  getFieldString                
000008e7  getPinValue                   
0000099d  getPortValue                  
00000f1f  getcUart0                     
00000a53  getsUart0                     
000010ed  initSystemClockTo40Mhz        
00000a2d  initTerminal                  
00000e4d  initUart0                     
00000ccd  isCommand                     
00000f33  kbhitUart0                    
00000d09  main                          
00000f71  memcpy                        
00000ab3  parseFields                   
00000ed7  putcUart0                     
00000ef3  putsUart0                     
00000493  selectPinAnalogInput          
00000445  selectPinDigitalInput         
000007af  selectPinInterruptBothEdges   
0000075f  selectPinInterruptFallingEdge 
00000805  selectPinInterruptHighLevel   
0000083f  selectPinInterruptLowLevel    
0000070f  selectPinInterruptRisingEdge  
000003f7  selectPinOpenDrainOutput      
000003a9  selectPinPushPullOutput       
000005fd  setPinAuxFunction             
000004e3  setPinCommitControl           
000008c1  setPinValue                   
00000919  setPortValue                  
00000e97  setUart0BaudRate              
20000200  valid                         


GLOBAL SYMBOLS: SORTED BY Symbol Address 

address   name                          
-------   ----                          
00000000  __TI_static_base__            
00000000  g_pfnVectors                  
00000200  __STACK_SIZE                  
0000026d  enablePort                    
00000329  disablePort                   
000003a9  selectPinPushPullOutput       
000003f7  selectPinOpenDrainOutput      
00000445  selectPinDigitalInput         
00000493  selectPinAnalogInput          
000004e3  setPinCommitControl           
0000055f  enablePinPullup               
0000058d  disablePinPullup              
000005b1  enablePinPulldown             
000005d5  disablePinPulldown            
000005fd  setPinAuxFunction             
0000070f  selectPinInterruptRisingEdge  
0000075f  selectPinInterruptFallingEdge 
000007af  selectPinInterruptBothEdges   
00000805  selectPinInterruptHighLevel   
0000083f  selectPinInterruptLowLevel    
00000879  enablePinInterrupt            
0000089d  disablePinInterrupt           
000008c1  setPinValue                   
000008e7  getPinValue                   
00000919  setPortValue                  
0000099d  getPortValue                  
00000a2d  initTerminal                  
00000a53  getsUart0                     
00000ab3  parseFields                   
00000bf7  getFieldString                
00000c67  getFieldInteger               
00000ccd  isCommand                     
00000d09  main                          
00000e4d  initUart0                     
00000e97  setUart0BaudRate              
00000ed7  putcUart0                     
00000ef3  putsUart0                     
00000f1f  getcUart0                     
00000f33  kbhitUart0                    
00000f71  __aeabi_memcpy                
00000f71  __aeabi_memcpy4               
00000f71  __aeabi_memcpy8               
00000f71  memcpy                        
0000100d  __TI_decompress_lzss          
00001075  __TI_auto_init_nobinit_nopinit
000010b9  _c_int00_noargs               
000010ed  initSystemClockTo40Mhz        
000010fd  __TI_decompress_none          
0000110b  ResetISR                      
00001117  _system_pre_init              
0000111b  C$$EXIT                       
0000111b  abort                         
00001120  __TI_Handler_Table_Base       
00001128  __TI_Handler_Table_Limit      
00001130  __TI_CINIT_Base               
00001138  __TI_CINIT_Limit              
20000000  __stack                       
20000000  __start___llvm_prf_cnts       
20000000  __stop___llvm_prf_cnts        
20000200  __STACK_END                   
20000200  __STACK_TOP                   
20000200  valid                         
ffffffff  __TI_pprof_out_hndl           
ffffffff  __TI_prof_data_size           
ffffffff  __TI_prof_data_start          
ffffffff  __binit__                     
ffffffff  __c_args__                    
ffffffff  binit                         
UNDEFED   __mpu_init                    
UNDEFED   _system_post_cinit            

[70 symbols]
